
> vn-toolkit@0.0.0 verify
> npm run typecheck && npm run test && npm run build && npm run verify:ports && npm run verify:collate && npm run verify:money && npm run verify:ident


> vn-toolkit@0.0.0 typecheck
> npm run typecheck --workspaces --if-present


> @vntoolkit/vn-text@0.1.0 typecheck
> tsc --noEmit


> @vntoolkit/vn-collate@0.1.0 typecheck
> tsc --noEmit


> @vntoolkit/vn-money@0.1.0 typecheck
> tsc --noEmit


> @vntoolkit/vn-ident@0.1.0 typecheck
> tsc --noEmit


> vn-toolkit@0.0.0 test
> npm run test --workspaces --if-present


> @vntoolkit/vn-text@0.1.0 test
> vitest run


 RUN  v5.0.3 C:/Users/Legion 5 pro/source/repos/vn-toolkit/packages/vn-text-ts


 Test Files  1 passed (1)
      Tests  172 passed (172)
   Start at  19:35:59
   Duration  436ms (transform 45%, import 38%, tests 14%, worker 3%)


> @vntoolkit/vn-collate@0.1.0 test
> vitest run


 RUN  v5.0.3 C:/Users/Legion 5 pro/source/repos/vn-toolkit/packages/vn-collate-ts


 Test Files  1 passed (1)
      Tests  536 passed (536)
   Start at  19:36:00
   Duration  495ms (import 37%, transform 34%, tests 26%, worker 2%)


> @vntoolkit/vn-money@0.1.0 test
> vitest run


 RUN  v5.0.3 C:/Users/Legion 5 pro/source/repos/vn-toolkit/packages/vn-money-ts


 Test Files  1 passed (1)
      Tests  1263 passed (1263)
   Start at  19:36:01
   Duration  590ms (transform 36%, import 35%, tests 28%, worker 1%)


> @vntoolkit/vn-ident@0.1.0 test
> vitest run


 RUN  v5.0.3 C:/Users/Legion 5 pro/source/repos/vn-toolkit/packages/vn-ident-ts


 Test Files  1 passed (1)
      Tests  289 passed (289)
   Start at  19:36:02
   Duration  504ms (transform 46%, import 36%, tests 16%, worker 2%)


> vn-toolkit@0.0.0 build
> npm run build --workspaces --if-present


> @vntoolkit/vn-text@0.1.0 build
> tsc -p tsconfig.build.json


> @vntoolkit/vn-collate@0.1.0 build
> tsc -p tsconfig.build.json


> @vntoolkit/vn-money@0.1.0 build
> tsc -p tsconfig.build.json


> @vntoolkit/vn-ident@0.1.0 build
> tsc -p tsconfig.build.json


> vn-toolkit@0.0.0 verify:ports
> node scripts/verify-port-parity.mjs

python-transliteration: 156/156 cases reproduced

distinct characters in corpus: 132
isalnum() vs \p{L}\p{N} disagreements: 0

> vn-toolkit@0.0.0 verify:collate
> node scripts/verify-collate-parity.mjs

corpus: 445 strings, 89 decomposed, 98 multi-mark clusters, 165 NFC/NFD pairs agreeing on the key
collate parity: 445/445 keys identical across both ports
distinct keys: 352
sample sort: '', 1, 12, 9z, a, à, à, À, ...

> vn-toolkit@0.0.0 verify:money
> node scripts/verify-money-parity.mjs

money parity: 17091/17091 operations identical across both ports
  isVnd: 8
  formatVnd: 3504
  parseVnd: 3058
  allocate: 500
  toWords: 10021
  distinct readings: 10021
  parse refusals agreed on: 28
  sample: toWords(12345678) = mười hai triệu ba trăm bốn mươi lăm nghìn sáu trăm bảy mươi tám
  sample: formatVnd(12345678) = "12.345.678 ₫"
  sample: allocate(1000000, [1,1,1]) = [333334,333333,333333]

> vn-toolkit@0.0.0 verify:ident
> node scripts/verify-ident-parity.mjs

ident parity: 673311/673311 operations identical across both ports
  isValidCccd: 2006
  parseCccd: 1943
  classifyId: 44878
  detectCarrier: 263
  isValidPhone: 2573
  normalizePhone: 4883
  mstCheckDigit: 13000
  isValidMst: 387306
  parseMst: 216406
  isValidCmnd: 53
  tax prefixes that hit the divisible-by-11 case: 1182
  carriers exercised: gmobile, mobifone, vietnamobile, viettel, vinaphone
  province codes exercised: 63
  sample: mstCheckDigit("010004751") = 6
  sample: parseCccd("001087123456") = {"provinceCode":"001","province":"Hà Nội","century":20,"gender":"male","birthYear":1987,"serial":"123456"}
  sample: detectCarrier("0987654321") = viettel
